// Jest Snapshot v1, https://goo.gl/fbAQLP

exports[`renders correctly 1`] = `
<div
  aria-labelledby="simple-tab-0"
  hidden={false}
  id="simple-tabpanel-0"
  role="tabpanel"
>
  <div />
</div>
`;
